931 constraints, 931 unknowns
[0]  /src/grid/multigrid-common.h:28: 'sum = 0.'
[0]  /src/navier-stokes/centered.h:287: '1.'
[0]  /src/navier-stokes/centered.h:287: '1.'
[0]  /src/navier-stokes/centered.h:288: '1.'
[0]  /src/navier-stokes/centered.h:288: '1.'
[0]  /src/bcg.h:37: '1.'
[0]  /src/bcg.h:37: '1.'
[0]  /src/bcg.h:38: '1.'
[0]  /src/bcg.h:38: '1.'
[0]  /src/common.h:383: 'a->len = 0'
[0]  /src/common.h:396: '4096'
[0]  /src/common.h:919: 'norm = 0.'
[0]  /src/common.h:1349: 'minpiv = 1e30'
[0]  /src/common.h:1355: 'big = 0.0'
[0]  /src/common.h:1374: '0.'
[0]  /src/common.h:1378: 'm[icol][icol] = 1.0'
[0]  /src/common.h:1383: 'm[ll][icol] = 0.0'
[0]  /src/curvature.h:78: '1.'
[0]  /src/curvature.h:78: '1.'
[0]  /src/curvature.h:242: '1'
[0]  /src/curvature.h:242: '1'
[0]  /src/curvature.h:245: '1.'
[0]  /src/curvature.h:345: 'd2 = 0.'
[0]  /src/curvature.h:348: '0.5'
[0]  /src/curvature.h:429: '.1'
[0]  /src/curvature.h:439: '1.'
[0]  /src/curvature.h:441: '2.'
[0]  /src/curvature.h:472: '1.'
[0]  /src/curvature.h:482: '2.'
[0]  /src/curvature.h:502: '1.'
[0]  /src/curvature.h:511: '1.'
[0]  /src/curvature.h:511: '1.'
[0]  /src/curvature.h:602: 'a = 0.'
[0]  /src/fractions.h:49: '1.'
[0]  /src/fractions.h:66: '0.'
[0]  /src/fractions.h:66: '0.'
[0]  /src/fractions.h:66: '.5'
[0]  /src/fractions.h:66: '.5'
[0]  /src/fractions.h:170: '1.'
[0]  /src/fractions.h:170: '1.'
[0]  /src/fractions.h:241: 'nn = 0.'
[0]  /src/fractions.h:267: 'alpha = 0.'
[0]  /src/fractions.h:267: 'ni = 0.'
[0]  /src/fractions.h:270: '1.'
[0]  /src/fractions.h:270: '1.'
[0]  /src/fractions.h:271: '0.5'
[0]  /src/fractions.h:271: '0.5'
[0]  /src/fractions.h:272: '0.5'
[0]  /src/fractions.h:272: '0.5'
[0]  /src/fractions.h:285: '4'
[0]  /src/fractions.h:291: 's_z[] = 0.'
[0]  /src/fractions.h:450: '1.'
[0]  /src/fractions.h:451: 'alpha[] = 0.'
[0]  /src/fractions.h:453: 'n.x[] = 0.'
[0]  /src/fractions.h:453: 'n.y[] = 0.'
[0]  /src/fractions.h:520: '1e-6'
[0]  /src/fractions.h:520: '1. - 1e-6'
[0]  /src/geometry.h:36: '0.'
[0]  /src/geometry.h:36: '1.'
[0]  /src/geometry.h:40: '1.'
[0]  /src/geometry.h:43: '1.'
[0]  /src/geometry.h:148: '0.'
[0]  /src/geometry.h:151: '1.'
[0]  /src/geometry.h:153: '1e-10'
[0]  /src/geometry.h:155: '1e-10'
[0]  /src/geometry.h:171: '0.'
[0]  /src/geometry.h:171: '1.'
[0]  /src/geometry.h:265: 's = -0.5'
[0]  /src/geometry.h:265: '0.5'
[0]  /src/geometry.h:265: '1.'
[0]  /src/geometry.h:267: '1e-4'
[0]  /src/geometry.h:267: '1e-4'
[0]  /src/geometry.h:269: '0.5'
[0]  /src/geometry.h:269: '0.5'
[0]  /src/geometry.h:269: '0.5'
[0]  /src/geometry.h:269: '0.5'
[0]  /src/geometry.h:366: '0.'
[0]  /src/geometry.h:369: '1e-4'
[0]  /src/geometry.h:369: '1e-4'
[0]  /src/geometry.h:370: 'p->y = 0.'
[0]  /src/geometry.h:371: '1.'
[0]  /src/geometry.h:371: '0.5'
[0]  /src/geometry.h:371: '1.'
[0]  /src/geometry.h:371: '0.5'
[0]  /src/geometry.h:372: '1.'
[0]  /src/geometry.h:372: '1.'
[0]  /src/geometry.h:376: '1.'
[0]  /src/geometry.h:384: '1.'
[0]  /src/geometry.h:385: '1.'
[0]  /src/geometry.h:396: '0.'
[0]  /src/geometry.h:396: '1.'
[0]  /src/geometry.h:396: '0.'
[0]  /src/geometry.h:396: '1.'
[0]  /src/geometry.h:398: '1.'
[0]  /src/geometry.h:398: '1.'
[0]  /src/geometry.h:399: '0.5'
[0]  /src/geometry.h:399: '0.5'
[0]  /src/heights.h:30: '20./2.'
[0]  /src/heights.h:30: '20.'
[0]  /src/heights.h:30: '-20./2.'
[0]  /src/heights.h:30: '20.'
[0]  /src/heights.h:34: '20./2.'
[0]  /src/heights.h:82: '300.'
[0]  /src/heights.h:82: '300.'
[0]  /src/heights.h:83: 'state.h = 1e30'
[0]  /src/heights.h:83: 'state.h = 1e30'
[0]  /src/heights.h:89: '20./2.'
[0]  /src/heights.h:89: '20./2.'
[0]  /src/heights.h:116: '1.'
[0]  /src/heights.h:116: '1.'
[0]  /src/heights.h:118: '1.'
[0]  /src/heights.h:118: '1.'
[0]  /src/heights.h:138: '1.'
[0]  /src/heights.h:138: '1.'
[0]  /src/heights.h:139: '0.5'
[0]  /src/heights.h:139: '0.5'
[0]  /src/heights.h:143: '1.'
[0]  /src/heights.h:143: '1.'
[0]  /src/heights.h:144: '0.5'
[0]  /src/heights.h:144: '0.5'
[0]  /src/heights.h:172: '1.'
[0]  /src/heights.h:172: '1.'
[0]  /src/heights.h:173: '1.'
[0]  /src/heights.h:173: '1.'
[0]  /src/heights.h:174: 'h.x[] = 300.'
[0]  /src/heights.h:174: 'h.y[] = 300.'
[0]  /src/heights.h:183: '1.'
[0]  /src/heights.h:183: '1.'
[0]  /src/heights.h:183: '1.'
[0]  /src/heights.h:183: '1.'
[0]  /src/heights.h:204: 'h.x[] = 1e30'
[0]  /src/heights.h:204: 'h.y[] = 1e30'
[0]  /src/heights.h:206: '1e10'
[0]  /src/heights.h:206: '1e30'
[0]  /src/heights.h:206: '1e10'
[0]  /src/heights.h:206: '1e30'
[0]  /src/heights.h:227: '3.5'
[0]  /src/heights.h:227: '3.5'
[0]  /src/heights.h:380: 'h.x[] = 1e30'
[0]  /src/heights.h:380: 'h.y[] = 1e30'
[0]  /src/iforce.h:61: '0.'
[0]  /src/iforce.h:61: '1.'
[0]  /src/myc2d.h:25: '1.'
[0]  /src/myc2d.h:25: '1.'
[0]  /src/myc2d.h:29: '1.'
[0]  /src/myc2d.h:29: '1.'
[0]  /src/myc2d.h:36: '1e-30'
[0]  /src/myc2d.h:39: '1e-30'
[0]  /src/parabola.h:68: 'p->M[i][j] = 0.'
[0]  /src/parabola.h:69: 'p->rhs[i] = 0.'
[0]  /src/parabola.h:119: '1e-10'
[0]  /src/parabola.h:125: 'p->a[1] = 0.'
[0]  /src/parabola.h:167: '1.[0]'
[0]  /src/parabola.h:203: '1.'
[0]  /src/poisson.h:200: '1.2'
[0]  /src/poisson.h:202: '10'
[0]  /src/poisson.h:435: '1'
[0]  /src/tension.h:43: 'amin = 1e30'
[0]  /src/tension.h:43: 'amax = -1e30'
[0]  /src/two-phase.h:99: '0.'
[0]  /src/two-phase.h:99: '1.'
[0]  /src/two-phase.h:99: '0.'
[0]  /src/two-phase.h:99: '1.'
[0]  /src/two-phase.h:102: '0.'
[0]  /src/two-phase.h:102: '1.'
[0]  /src/two-phase.h:102: '0.'
[0]  /src/two-phase.h:102: '1.'
[0]  /src/two-phase.h:107: '0.'
[0]  /src/two-phase.h:107: '1.'
[0]  /src/viscosity.h:59: '1.'
[0]  /src/viscosity.h:59: '1.'
[0]  /src/viscosity.h:59: '1.'
[0]  /src/viscosity.h:126: '1.'
[0]  /src/viscosity.h:126: '1.'
[0]  /src/viscosity.h:126: '1.'
[0]  /src/vof.h:141: '0.5'
[0]  /src/vof.h:142: 'CFL = 0.5'
[0]  /src/vof.h:162: 'cfl = 0.'
[0]  /src/vof.h:162: 'cfl = 0.'
[0]  /src/vof.h:203: '1.'
[0]  /src/vof.h:203: '1.'
[0]  /src/vof.h:225: '1.'
[0]  /src/vof.h:225: '1.'
[0]  /src/vof.h:227: '0.5'
[0]  /src/vof.h:227: '0.5'
[0]  /src/vof.h:227: '0.5'
[0]  /src/vof.h:227: '0.5'
[0]  /src/vof.h:228: '0.5'
[0]  /src/vof.h:228: '0.5'
[0]  /src/vof.h:228: '0.5'
[0]  /src/vof.h:228: '0.5'
[0]  /src/vof.h:259: '0.5 + 1e-6'
[0]  /src/vof.h:259: '0.5 + 1e-6'
[0]  /src/vof.h:262: '0.5'
[0]  /src/vof.h:262: '0.5'
[0]  /src/vof.h:339: '0.5'
[0]  rising-axi.c:67: 'rho1 = 1000.'
[0]  rising-axi.c:71: 'rho2 = 100.[0]'
[0]  rising-axi.c:130: '1.'
[1]  /src/grid/multigrid-common.h:28: 'sum = 0.'
[1]  /src/navier-stokes/centered.h:413: '0.'
[1]  /src/navier-stokes/centered.h:413: '0.'
[1]  /src/axi.h:201: '1./1e30'
[1]  /src/axi.h:201: '1./1e30'
[1]  /src/common.h:853: 'X0 = 0.'
[1]  /src/common.h:853: 'Y0 = 0.'
[1]  /src/common.h:853: 'Z0 = 0.'
[1]  /src/iforce.h:107: '0.'
[1]  /src/iforce.h:107: '0.'
[1]  /src/tension.h:43: 'dmin = 1e30'
[1]  /src/vof.h:211: '0.'
[1]  /src/vof.h:211: '0.'
[1]  /src/vof.h:212: '0.'
[1]  /src/vof.h:212: '0.'
[1]  rising-axi.c:59: '2 [1]'
[1]  rising-axi.c:91: '0.5'
[1]  rising-axi.c:96: '0.5'
[1]  rising-axi.c:96: '0.25'
[-1]  /src/curvature.h:416: '1e30'
[-1]  /src/curvature.h:575: 'k[] = 1e30'
[-1]  /src/curvature.h:602: 'sk = 0.'
[-1]  /src/curvature.h:616: 'kf = 1e30'
[-1]  /src/poisson.h:410: '0.'
[0,1]  ast/interpreter/overload.h:93: '1e30'
[0,1]  ast/interpreter/overload.h:94: '1e30'
[0,1]  /src/grid/events.h:6: 'TEND_EVENT = 1234567890'
[0,1]  /src/poisson.h:477: '1.'
[0,1]  /src/run.h:16: 't = 0.'
[0,1]  /src/timestep.h:4: 'previous = 0.'
[0,1]  rising-axi.c:60: 'DT = 1. [0,1]'
[0,1]  rising-axi.c:86: 't = 0'
[0,1]  rising-axi.c:153: 't = 3.'
[2]  /src/bcg.h:36: '0.'
[2]  /src/bcg.h:36: '0.'
[2]  /src/vof.h:202: '0.'
[2]  /src/vof.h:202: '0.'
[2]  rising-axi.c:96: '0'
[3]  rising-axi.c:128: 'sb = 0.'
[4]  rising-axi.c:128: 'xb = 0.'
[1,-1]  ast/interpreter/overload.h:167: '*(p + s->i) = 0.'
[1,-1]  /src/grid/multigrid-common.h:28: 'sum = 0.'
[1,-1]  /src/poisson.h:58: 's[] = 0.'
[1,-1]  /src/poisson.h:163: 'sum = 0.'
[1,-1]  /src/viscosity.h:95: 'maxres = 0.'
[1,-1]  rising-axi.c:41: '0'
[1,-1]  rising-axi.c:42: '0'
[2,-1]  /src/navier-stokes/centered.h:96: '0'
[2,-1]  /src/poisson.h:487: 'div[] = 0.'
[2,-1]  rising-axi.c:50: '0.'
[2,-1]  rising-axi.c:51: '0.'
[2,-1]  rising-axi.c:67: 'mu1 = 10.'
[2,-1]  rising-axi.c:71: 'mu2 = 1.'
[1,-2]  ast/interpreter/overload.h:167: '*(p + s->i) = 0.'
[1,-2]  /src/grid/multigrid-common.h:28: 'sum = 0.'
[1,-2]  /src/navier-stokes/centered.h:360: 'af.x[] = 0.'
[1,-2]  /src/navier-stokes/centered.h:360: 'af.y[] = 0.'
[1,-2]  /src/poisson.h:163: 'sum = 0.'
[1,-2]  /src/poisson.h:351: 'maxres = 0.'
[1,-2]  rising-axi.c:106: '0.98'
[2,-2]  ast/interpreter/overload.h:167: '*(p + s->i) = 0.'
[2,-2]  ast/interpreter/overload.h:172: '0.'
[2,-2]  /src/curvature.h:622: 'kappa[] = 1e30'
[2,-2]  /src/iforce.h:105: '0.'
[2,-2]  /src/iforce.h:105: '0.'
[2,-2]  /src/poisson.h:58: 's[] = 0.'
[4,-1]  rising-axi.c:128: 'vb = 0.'
[3,-2]  /src/tension.h:56: 'sigma = 0.'
[3,-2]  /src/viscosity.h:123: 'd = 0.'
[3,-2]  /src/viscosity.h:123: 'd = 0.'
[3,-2]  rising-axi.c:71: 'f.sigma = 24.5'
