test12.c:13: warning (interpreter): undefined condition 'val(s,-1,0,0)'
/utils.h:217: warning (interpreter): undefined condition 's0 < s1 && s1 < s2'
/utils.h:219: warning (interpreter): undefined condition 'd2 < d1'
ast/interpreter/overload.h:470: warning (interpreter): undefined condition 'a < b'
/utils.h:222: warning (interpreter): undefined condition 's0 > s1 && s1 > s2'
/utils.h:224: warning (interpreter): undefined condition 'd2 > d1'
ast/interpreter/overload.h:465: warning (interpreter): undefined condition 'a > b'
test12.c:15: warning (interpreter): undefined condition 'a'
