16 constraints, 16 unknowns
Dimensions of constants
  [1]
    ast/interpreter/overload.h:169: 's[] = 0.'
    ast/interpreter/overload.h:169: 't.x.x[] = 0.'
    ast/interpreter/overload.h:169: 't.x.y[] = 0.'
    ast/interpreter/overload.h:169: 't.y.x[] = 0.'
    ast/interpreter/overload.h:169: 't.y.y[] = 0.'
    ast/interpreter/overload.h:169: 'u.x[] = 0.'
    ast/interpreter/overload.h:169: 'u.y[] = 0.'
    /src/common.h:32: 'X0 = 0.'
    /src/common.h:32: 'Y0 = 0.'
    /src/common.h:32: 'Z0 = 0.'
    /src/common.h:34: 'L0 = 1. [1]'
